#-----------------------------------------------------------
# Vivado v2023.1 (64-bit)
# SW Build 3865809 on Sun May  7 15:05:29 MDT 2023
# IP Build 3864474 on Sun May  7 20:36:21 MDT 2023
# SharedData Build 3865790 on Sun May 07 13:33:03 MDT 2023
# Start of session at: Thu Jan 11 11:34:27 2024
# Process ID: 16364
# Current directory: C:/Users/Burak/Desktop/temel_imge_isleme/temel_imge_isleme
# Command line: vivado.exe -gui_launcher_event rodinguilauncherevent2544 C:\Users\Burak\Desktop\temel_imge_isleme\temel_imge_isleme\temel_imge_isleme.xpr
# Log file: C:/Users/Burak/Desktop/temel_imge_isleme/temel_imge_isleme/vivado.log
# Journal file: C:/Users/Burak/Desktop/temel_imge_isleme/temel_imge_isleme\vivado.jou
# Running On: DESKTOP-OLPRCGB, OS: Windows, CPU Frequency: 2994 MHz, CPU Physical cores: 12, Host memory: 7968 MB
#-----------------------------------------------------------
start_gui
open_project C:/Users/Burak/Desktop/temel_imge_isleme/temel_imge_isleme/temel_imge_isleme.xpr
update_compile_order -fileset sources_1
launch_simulation
source tb_temel_imge_isleme.tcl
add_force {/tb_temel_imge_isleme/temel_imge_isleme_map/in_islem} -radix bin {111 0ns}
run all
close_sim
launch_simulation
source tb_temel_imge_isleme.tcl
add_force {/tb_temel_imge_isleme/temel_imge_isleme_map/in_islem} -radix bin {011 0ns}
run all
close_sim
